// Jest Snapshot v1, https://goo.gl/fbAQLP

exports[`Link changes the class when hovered 1`] = `
<div
  className="container"
>
  <div
    className="row"
  >
    <p>
       Loading Questions... 
    </p>
  </div>
</div>
`;
